2026-08-14 15:52:45.403: [INFO] CurrentProfilePath: C:\Users\DEV-2D\Documents\GitHub\projeto-rpg\backend\.metadata\.plugins\org.eclipse.swt\EBWebView\Default
2026-08-14 15:52:45.403: [INFO] Profiles total count: 1
2026-08-14 15:52:45.403: [INFO] Profile: name=Perfil 1 path=C:\Users\DEV-2D\Documents\GitHub\projeto-rpg\backend\.metadata\.plugins\org.eclipse.swt\EBWebView\Default lastActive=null
2026-08-14 15:52:45.403: [INFO] LastUsedProfileDir: C:\Users\DEV-2D\Documents\GitHub\projeto-rpg\backend\.metadata\.plugins\org.eclipse.swt\EBWebView\Default
2026-08-14 15:52:45.403: [INFO] OnDoneLoading sync enabled: 0
2026-08-14 15:52:45.403: [INFO] BookmarkModelLoaded, ids_reassigned: 0
2026-08-14 15:52:45.403: [INFO] BookmarksLoadDropped droppedNodes=0
2026-08-14 15:52:45.403: [INFO] BookmarksSnapshot Startup total=0 bar=0 other=0 mobile=0 showBar=0 showBarNTP=1
2026-08-14 15:52:45.515: [INFO] BookmarksSnapshot Shutdown total=0 bar=0 other=0 mobile=0 showBar=0 showBarNTP=1
2026-08-14 15:53:08.773: [INFO] CurrentProfilePath: C:\Users\DEV-2D\Documents\GitHub\projeto-rpg\backend\.metadata\.plugins\org.eclipse.swt\EBWebView\Default
2026-08-14 15:53:08.773: [INFO] Profiles total count: 1
2026-08-14 15:53:08.773: [INFO] Profile: name=Perfil 1 path=C:\Users\DEV-2D\Documents\GitHub\projeto-rpg\backend\.metadata\.plugins\org.eclipse.swt\EBWebView\Default lastActive=null
2026-08-14 15:53:08.773: [INFO] LastUsedProfileDir: C:\Users\DEV-2D\Documents\GitHub\projeto-rpg\backend\.metadata\.plugins\org.eclipse.swt\EBWebView\Default
2026-08-14 15:53:08.773: [INFO] OnDoneLoading sync enabled: 0
2026-08-14 15:53:08.773: [INFO] BookmarkModelLoaded, ids_reassigned: 0
2026-08-14 15:53:08.773: [INFO] BookmarksLoadDropped droppedNodes=0
2026-08-14 15:53:08.773: [INFO] BookmarksSnapshot Startup total=0 bar=0 other=0 mobile=0 showBar=0 showBarNTP=1
2026-08-14 15:53:08.873: [INFO] BookmarksSnapshot Shutdown total=0 bar=0 other=0 mobile=0 showBar=0 showBarNTP=1
2026-08-14 15:53:09.939: [INFO] CurrentProfilePath: C:\Users\DEV-2D\Documents\GitHub\projeto-rpg\backend\.metadata\.plugins\org.eclipse.swt\EBWebView\Default
2026-08-14 15:53:09.939: [INFO] Profiles total count: 1
2026-08-14 15:53:09.939: [INFO] Profile: name=Perfil 1 path=C:\Users\DEV-2D\Documents\GitHub\projeto-rpg\backend\.metadata\.plugins\org.eclipse.swt\EBWebView\Default lastActive=null
2026-08-14 15:53:09.939: [INFO] LastUsedProfileDir: C:\Users\DEV-2D\Documents\GitHub\projeto-rpg\backend\.metadata\.plugins\org.eclipse.swt\EBWebView\Default
2026-08-14 15:53:09.939: [INFO] OnDoneLoading sync enabled: 0
2026-08-14 15:53:09.939: [INFO] BookmarkModelLoaded, ids_reassigned: 0
2026-08-14 15:53:09.939: [INFO] BookmarksLoadDropped droppedNodes=0
2026-08-14 15:53:09.939: [INFO] BookmarksSnapshot Startup total=0 bar=0 other=0 mobile=0 showBar=0 showBarNTP=1
2026-08-14 15:53:10.054: [INFO] BookmarksSnapshot Shutdown total=0 bar=0 other=0 mobile=0 showBar=0 showBarNTP=1
2026-08-14 15:56:48.070: [INFO] CurrentProfilePath: C:\Users\DEV-2D\Documents\GitHub\projeto-rpg\backend\.metadata\.plugins\org.eclipse.swt\EBWebView\Default
2026-08-14 15:56:48.070: [INFO] Profiles total count: 1
2026-08-14 15:56:48.070: [INFO] Profile: name=Perfil 1 path=C:\Users\DEV-2D\Documents\GitHub\projeto-rpg\backend\.metadata\.plugins\org.eclipse.swt\EBWebView\Default lastActive=null
2026-08-14 15:56:48.070: [INFO] LastUsedProfileDir: C:\Users\DEV-2D\Documents\GitHub\projeto-rpg\backend\.metadata\.plugins\org.eclipse.swt\EBWebView\Default
2026-08-14 15:56:48.070: [INFO] OnDoneLoading sync enabled: 0
2026-08-14 15:56:48.070: [INFO] BookmarkModelLoaded, ids_reassigned: 0
2026-08-14 15:56:48.070: [INFO] BookmarksLoadDropped droppedNodes=0
2026-08-14 15:56:48.070: [INFO] BookmarksSnapshot Startup total=0 bar=0 other=0 mobile=0 showBar=0 showBarNTP=1
2026-08-14 18:52:43.743: [INFO] BookmarksSnapshot Shutdown total=0 bar=0 other=0 mobile=0 showBar=0 showBarNTP=1
2026-08-19 10:13:07.510: [INFO] CurrentProfilePath: C:\Users\DEV-2D\Documents\GitHub\projeto-rpg\backend\.metadata\.plugins\org.eclipse.swt\EBWebView\Default
2026-08-19 10:13:07.510: [INFO] Profiles total count: 1
2026-08-19 10:13:07.510: [INFO] Profile: name=Perfil 1 path=C:\Users\DEV-2D\Documents\GitHub\projeto-rpg\backend\.metadata\.plugins\org.eclipse.swt\EBWebView\Default lastActive=null
2026-08-19 10:13:07.510: [INFO] LastUsedProfileDir: C:\Users\DEV-2D\Documents\GitHub\projeto-rpg\backend\.metadata\.plugins\org.eclipse.swt\EBWebView\Default
2026-08-19 10:13:07.510: [INFO] OnDoneLoading sync enabled: 0
2026-08-19 10:13:07.510: [INFO] BookmarkModelLoaded, ids_reassigned: 0
2026-08-19 10:13:07.510: [INFO] BookmarksLoadDropped droppedNodes=0
2026-08-19 10:13:07.510: [INFO] BookmarksSnapshot Startup total=0 bar=0 other=0 mobile=0 showBar=0 showBarNTP=1
2026-08-19 10:28:47.315: [INFO] BookmarksSnapshot Shutdown total=0 bar=0 other=0 mobile=0 showBar=0 showBarNTP=1
2026-08-19 10:32:50.399: [INFO] CurrentProfilePath: C:\Users\DEV-2D\Documents\GitHub\projeto-rpg\backend\.metadata\.plugins\org.eclipse.swt\EBWebView\Default
2026-08-19 10:32:50.399: [INFO] Profiles total count: 1
2026-08-19 10:32:50.399: [INFO] Profile: name=Perfil 1 path=C:\Users\DEV-2D\Documents\GitHub\projeto-rpg\backend\.metadata\.plugins\org.eclipse.swt\EBWebView\Default lastActive=null
2026-08-19 10:32:50.399: [INFO] LastUsedProfileDir: C:\Users\DEV-2D\Documents\GitHub\projeto-rpg\backend\.metadata\.plugins\org.eclipse.swt\EBWebView\Default
2026-08-19 10:32:50.399: [INFO] OnDoneLoading sync enabled: 0
2026-08-19 10:32:50.399: [INFO] BookmarkModelLoaded, ids_reassigned: 0
2026-08-19 10:32:50.399: [INFO] BookmarksLoadDropped droppedNodes=0
2026-08-19 10:32:50.399: [INFO] BookmarksSnapshot Startup total=0 bar=0 other=0 mobile=0 showBar=0 showBarNTP=1
2026-08-19 10:56:24.701: [INFO] BookmarksSnapshot Shutdown total=0 bar=0 other=0 mobile=0 showBar=0 showBarNTP=1
2026-08-19 11:29:31.035: [INFO] CurrentProfilePath: C:\Users\DEV-2D\Documents\GitHub\projeto-rpg\backend\.metadata\.plugins\org.eclipse.swt\EBWebView\Default
2026-08-19 11:29:31.035: [INFO] Profiles total count: 1
2026-08-19 11:29:31.035: [INFO] Profile: name=Perfil 1 path=C:\Users\DEV-2D\Documents\GitHub\projeto-rpg\backend\.metadata\.plugins\org.eclipse.swt\EBWebView\Default lastActive=null
2026-08-19 11:29:31.035: [INFO] LastUsedProfileDir: C:\Users\DEV-2D\Documents\GitHub\projeto-rpg\backend\.metadata\.plugins\org.eclipse.swt\EBWebView\Default
2026-08-19 11:29:31.035: [INFO] OnDoneLoading sync enabled: 0
2026-08-19 11:29:31.035: [INFO] BookmarkModelLoaded, ids_reassigned: 0
2026-08-19 11:29:31.035: [INFO] BookmarksLoadDropped droppedNodes=0
2026-08-19 11:29:31.035: [INFO] BookmarksSnapshot Startup total=0 bar=0 other=0 mobile=0 showBar=0 showBarNTP=1
2026-08-19 13:21:11.649: [INFO] BookmarksSnapshot Shutdown total=0 bar=0 other=0 mobile=0 showBar=0 showBarNTP=1
2026-08-19 15:09:54.196: [INFO] CurrentProfilePath: C:\Users\DEV-2D\Documents\GitHub\projeto-rpg\backend\.metadata\.plugins\org.eclipse.swt\EBWebView\Default
2026-08-19 15:09:54.196: [INFO] Profiles total count: 1
2026-08-19 15:09:54.196: [INFO] Profile: name=Perfil 1 path=C:\Users\DEV-2D\Documents\GitHub\projeto-rpg\backend\.metadata\.plugins\org.eclipse.swt\EBWebView\Default lastActive=null
2026-08-19 15:09:54.196: [INFO] LastUsedProfileDir: C:\Users\DEV-2D\Documents\GitHub\projeto-rpg\backend\.metadata\.plugins\org.eclipse.swt\EBWebView\Default
2026-08-19 15:09:54.196: [INFO] OnDoneLoading sync enabled: 0
2026-08-19 15:09:54.196: [INFO] BookmarkModelLoaded, ids_reassigned: 0
2026-08-19 15:09:54.196: [INFO] BookmarksLoadDropped droppedNodes=0
2026-08-19 15:09:54.196: [INFO] BookmarksSnapshot Startup total=0 bar=0 other=0 mobile=0 showBar=0 showBarNTP=1
2026-08-19 15:21:56.944: [INFO] BookmarksSnapshot Shutdown total=0 bar=0 other=0 mobile=0 showBar=0 showBarNTP=1
2026-08-19 15:24:12.790: [INFO] CurrentProfilePath: C:\Users\DEV-2D\Documents\GitHub\projeto-rpg\backend\.metadata\.plugins\org.eclipse.swt\EBWebView\Default
2026-08-19 15:24:12.790: [INFO] Profiles total count: 1
2026-08-19 15:24:12.790: [INFO] Profile: name=Perfil 1 path=C:\Users\DEV-2D\Documents\GitHub\projeto-rpg\backend\.metadata\.plugins\org.eclipse.swt\EBWebView\Default lastActive=null
2026-08-19 15:24:12.790: [INFO] LastUsedProfileDir: C:\Users\DEV-2D\Documents\GitHub\projeto-rpg\backend\.metadata\.plugins\org.eclipse.swt\EBWebView\Default
2026-08-19 15:24:12.790: [INFO] OnDoneLoading sync enabled: 0
2026-08-19 15:24:12.790: [INFO] BookmarkModelLoaded, ids_reassigned: 0
2026-08-19 15:24:12.790: [INFO] BookmarksLoadDropped droppedNodes=0
2026-08-19 15:24:12.790: [INFO] BookmarksSnapshot Startup total=0 bar=0 other=0 mobile=0 showBar=0 showBarNTP=1
2026-08-19 15:24:21.308: [INFO] BookmarksSnapshot Shutdown total=0 bar=0 other=0 mobile=0 showBar=0 showBarNTP=1
2026-08-19 15:29:28.136: [INFO] CurrentProfilePath: C:\Users\DEV-2D\Documents\GitHub\projeto-rpg\backend\.metadata\.plugins\org.eclipse.swt\EBWebView\Default
2026-08-19 15:29:28.136: [INFO] Profiles total count: 1
2026-08-19 15:29:28.136: [INFO] Profile: name=Perfil 1 path=C:\Users\DEV-2D\Documents\GitHub\projeto-rpg\backend\.metadata\.plugins\org.eclipse.swt\EBWebView\Default lastActive=null
2026-08-19 15:29:28.136: [INFO] LastUsedProfileDir: C:\Users\DEV-2D\Documents\GitHub\projeto-rpg\backend\.metadata\.plugins\org.eclipse.swt\EBWebView\Default
2026-08-19 15:29:28.136: [INFO] OnDoneLoading sync enabled: 0
2026-08-19 15:29:28.136: [INFO] BookmarkModelLoaded, ids_reassigned: 0
2026-08-19 15:29:28.136: [INFO] BookmarksLoadDropped droppedNodes=0
2026-08-19 15:29:28.136: [INFO] BookmarksSnapshot Startup total=0 bar=0 other=0 mobile=0 showBar=0 showBarNTP=1
